gdb ./a.out 
GNU gdb (Ubuntu 8.1.1-0ubuntu1) 8.1.1
Copyright (C) 2018 Free Software Foundation, Inc.
License GPLv3+: GNU GPL version 3 or later <http://gnu.org/licenses/gpl.html>
This is free software: you are free to change and redistribute it.
There is NO WARRANTY, to the extent permitted by law.  Type "show copying"
and "show warranty" for details.
This GDB was configured as "x86_64-linux-gnu".
Type "show configuration" for configuration details.
For bug reporting instructions, please see:
<http://www.gnu.org/software/gdb/bugs/>.
Find the GDB manual and other documentation resources online at:
<http://www.gnu.org/software/gdb/documentation/>.
For help, type "help".
Type "apropos word" to search for commands related to "word"...
Reading symbols from ./a.out...done.
(gdb) b input
Breakpoint 1 at 0x772: file p7final.c, line 9.
(gdb) r
Starting program: /home/runner/pps-IA1-practice/a.out 
warning: Error disabling address space randomization: Operation not permitted
Breakpoint 1, input () at p7final.c:9
9   {
(gdb) n
11    printf("Enter the real part:\n");
(gdb) n
Enter the real part:
12    scanf("%f",&a.real);
(gdb) n
45
13    printf("Enter the imaginary part:\n");
(gdb) n
Enter the imaginary part:
14    scanf("%f",&a.imaginary);
(gdb) n
65
15    return a;
(gdb) s
16  }
(gdb) n
main () at p7final.c:32
32    c2 = input();
(gdb) n

Breakpoint 1, input () at p7final.c:9
9   {
(gdb) n
10    printf("Enter the real part:\n");
(gdb) n
Enter the real part:
11    scanf("%f",&a.real);
(gdb) n
98
12    printf("Enter the imaginary part:\n");
(gdb) n
Enter the imaginary part:
13    scanf("%f",&a.imaginary);
(gdb) n
98
14    return a;
(gdb) n
15  }
(gdb) n
main () at p7final.c:33
33    sum = add(c1,c2);
(gdb) n
34    output(sum);
(gdb) n
35    return 0;
(gdb) n
36  }
(gdb) q