gdb ./a.out 
GNU gdb (Ubuntu 8.1.1-0ubuntu1) 8.1.1
Copyright (C) 2018 Free Software Foundation, Inc.
License GPLv3+: GNU GPL version 3 or later <http://gnu.org/licenses/gpl.html>
This is free software: you are free to change and redistribute it.
There is NO WARRANTY, to the extent permitted by law.  Type "show copying"
and "show warranty" for details.
This GDB was configured as "x86_64-linux-gnu".
Type "show configuration" for configuration details.
For bug reporting instructions, please see:
<http://www.gnu.org/software/gdb/bugs/>.
Find the GDB manual and other documentation resources online at:
<http://www.gnu.org/software/gdb/documentation/>.
For help, type "help".
Type "apropos word" to search for commands related to "word"...
Reading symbols from ./a.out...done.
(gdb) b get_n
Breakpoint 1 at 0x722: file p8final.c, line 9.
(gdb) r
Starting program: /home/runner/pps-IA1-practice/a.out 
warning: Error disabling address space randomization: Operation not permitted

Breakpoint 1, get_n () at p8final.c:9
warning: Source file is more recent than executable.
9   {
(gdb) n
11    printf("Enter the number of complex numbers:");
(gdb) n
12    scanf("%d",&n);
(gdb) n
Enter the number of complex numbers:2
13    return n;
(gdb) n
14  }
(gdb) n
main () at p8final.c:68
68    complex c[n], res;
(gdb) n
69    input_n_complex(n,c);
(gdb) n
Enter the real part:1
Enter the imaginary part:45
Enter the real part:87
Enter the imaginary part:54
70    res = add_n_complex(n,c);
(gdb) n
71    output(n, c, res);
(gdb) n
1.00 + 45.00i
+ 87.00 + 54.00i is
88.00 + 99.00i
72    return 0;
(gdb) n
73  }
(gdb) q